<html>
<body>
<pre>
<h1>µVision Build Log</h1>
<h2>Tool Versions:</h2>
IDE-Version: ¶ÃVision V5.36.0.0
Copyright (C) 2021 ARM Ltd and ARM Germany GmbH. All rights reserved.
License Information: 1 1, 1, LIC=EXJT4-F9NPU-Y83FK-ZCP5J-G29W6-6XLQ1
 
Tool Versions:
Toolchain:       MDK-ARM Plus  Version: 5.36.0.0
Toolchain Path:  D:\Computer_User\keil5\ARM\ARMCC\Bin
C Compiler:      Armcc.exe V5.06 update 7 (build 960)
Assembler:       Armasm.exe V5.06 update 7 (build 960)
Linker/Locator:  ArmLink.exe V5.06 update 7 (build 960)
Library Manager: ArmAr.exe V5.06 update 7 (build 960)
Hex Converter:   FromElf.exe V5.06 update 7 (build 960)
CPU DLL:         SARMCM3.DLL V5.36.0.0
Dialog DLL:      DCM.DLL V1.17.3.0
Target DLL:      STLink\ST-LINKIII-KEIL_SWO.dll V3.0.9.0
Dialog DLL:      TCM.DLL V1.53.0.0
 
<h2>Project:</h2>
C:\Users\Administrator\Desktop\lvgl“∆÷≤π§≥Ã\USER\LED.uvprojx
Project File Date:  02/16/2022

<h2>Output:</h2>
*** Using Compiler 'V5.06 update 7 (build 960)', folder: 'D:\Computer_User\keil5\ARM\ARMCC\Bin'
Build target 'LED'
compiling MY_UI.C...
..\HARDWARE\RTC\rtc.h(27): warning:  #1295-D: Deprecated declaration Set_time - give arg types
  int Set_time();
..\HARDWARE\MY_UI\MY_UI.h(13): warning:  #1295-D: Deprecated declaration My_pic - give arg types
  void My_pic();
..\HARDWARE\MY_UI\MY_UI.h(14): warning:  #1295-D: Deprecated declaration My_cont1 - give arg types
  void My_cont1();
..\HARDWARE\MY_UI\MY_UI.h(15): warning:  #1295-D: Deprecated declaration My_cont2 - give arg types
  void My_cont2();
..\HARDWARE\MY_UI\MY_UI.h(16): warning:  #1295-D: Deprecated declaration My_cont3 - give arg types
  void My_cont3();
..\HARDWARE\MY_UI\MY_UI.h(17): warning:  #1295-D: Deprecated declaration My_cont4 - give arg types
  void My_cont4();
..\HARDWARE\MY_UI\MY_UI.h(21): warning:  #1295-D: Deprecated declaration time_call - give arg types
  void time_call();
..\HARDWARE\MY_UI\MY_UI.h(22): warning:  #1295-D: Deprecated declaration time_gui_clear - give arg types
  void time_gui_clear();
..\HARDWARE\MY_UI\MY_UI.h(23): warning:  #1295-D: Deprecated declaration time_show - give arg types
  void time_show();
..\HARDWARE\MY_UI\MY_UI.h(25): warning:  #1295-D: Deprecated declaration My_cont_1 - give arg types
  void My_cont_1();
..\HARDWARE\MY_UI\MY_UI.h(26): warning:  #1295-D: Deprecated declaration My_cont_2 - give arg types
  void My_cont_2();
..\HARDWARE\MY_UI\MY_UI.h(27): warning:  #1295-D: Deprecated declaration My_cont_3 - give arg types
  void My_cont_3();
..\HARDWARE\MY_UI\MY_UI.h(28): warning:  #1295-D: Deprecated declaration My_cont_4 - give arg types
  void My_cont_4();
..\HARDWARE\MY_UI\MY_UI.h(29): warning:  #1295-D: Deprecated declaration time_change_gui - give arg types
  void time_change_gui();
..\HARDWARE\MY_UI\MY_UI.h(31): warning:  #1295-D: Deprecated declaration select_cont - give arg types
  void select_cont();
..\HARDWARE\MY_UI\MY_UI.h(32): warning:  #1295-D: Deprecated declaration change_time - give arg types
  void change_time();
..\HARDWARE\MY_UI\MY_UI.h(33): warning:  #1295-D: Deprecated declaration Set_now_time - give arg types
  void Set_now_time();
..\HARDWARE\MY_UI\MY_UI.h(35): warning:  #1-D: last line of file ends without a newline
  #endif
..\HARDWARE\MY_UI\MY_UI.C(809): warning:  #1-D: last line of file ends without a newline
  }
..\HARDWARE\MY_UI\MY_UI.C: 19 warnings, 0 errors
linking...
..\OBJ\LED.axf: Warning: L6480W: Disabling string merging for my_ui.o(.conststring). Relocated MOVT referring to string .conststring has a non-zero addend, which is not supported.
..\OBJ\LED.axf: Warning: L6480W: Disabling string merging for lv_obj.o(.conststring). Relocated MOVT referring to string .conststring has a non-zero addend, which is not supported.
..\OBJ\LED.axf: Warning: L6480W: Disabling string merging for lv_img_decoder.o(.conststring). Relocated MOVT referring to string .conststring has a non-zero addend, which is not supported.
..\OBJ\LED.axf: Warning: L6480W: Disabling string merging for lv_fs.o(.conststring). Relocated MOVT referring to string .conststring has a non-zero addend, which is not supported.
..\OBJ\LED.axf: Warning: L6480W: Disabling string merging for lv_mem.o(.conststring). Relocated MOVT referring to string .conststring has a non-zero addend, which is not supported.
..\OBJ\LED.axf: Warning: L6480W: Disabling string merging for lv_txt.o(.conststring). Relocated MOVT referring to string .conststring has a non-zero addend, which is not supported.
..\OBJ\LED.axf: Warning: L6480W: Disabling string merging for lv_cont.o(.conststring). Relocated MOVT referring to string .conststring has a non-zero addend, which is not supported.
..\OBJ\LED.axf: Warning: L6480W: Disabling string merging for lv_img.o(.conststring). Relocated MOVT referring to string .conststring has a non-zero addend, which is not supported.
..\OBJ\LED.axf: Warning: L6480W: Disabling string merging for lv_label.o(.conststring). Relocated MOVT referring to string .conststring has a non-zero addend, which is not supported.
Program Size: Code=127636 RO-data=42260 RW-data=412 ZI-data=53028  
Finished: 0 information, 9 warning and 0 error messages.
FromELF: creating hex file...
"..\OBJ\LED.axf" - 0 Error(s), 28 Warning(s).

<h2>Software Packages used:</h2>

Package Vendor: Keil
                http://www.keil.com/pack/Keil.STM32F4xx_DFP.2.13.0.pack
                Keil.STM32F4xx_DFP.2.13.0
                STMicroelectronics STM32F4 Series Device Support, Drivers and Examples

<h2>Collection of Component include folders:</h2>
  D:\Computer_User\keil5\ARM\PACK\Keil\STM32F4xx_DFP\2.13.0\Drivers\CMSIS\Device\ST\STM32F4xx\Include

<h2>Collection of Component Files used:</h2>
Build Time Elapsed:  00:00:05
</pre>
</body>
</html>
